08-05 09:45:14.846  1764  1764 I HwKeystoreServiceImpl: ACTION_PACKAGE_REMOVED userId:0 appId:10208 packageName:com.android.todolist removeAll:true
08-05 09:54:28.875  9075  9075 V ActivityThread: Skipping new config:{1.0 257mcc4mnc [en_BY,ru_BY] ldltr sw360dp w360dp h616dp 480dpi nrml long port finger -keyb/v/h -nav/h winConfig={ mBounds=Rect(0, 0 - 0, 0) mAppBounds=Rect(0, 0 - 1080, 1920) mWindowingMode=fullscreen mActivityType=undefined} nonFullScreen=0 suim:1 s.11}, config:{1.0 257mcc4mnc [en_BY,ru_BY] ldltr sw360dp w360dp h616dp 480dpi nrml long port finger -keyb/v/h -nav/h winConfig={ mBounds=Rect(0, 0 - 0, 0) mAppBounds=Rect(0, 0 - 1080, 1920) mWindowingMode=fullscreen mActivityType=undefined} nonFullScreen=0 suim:1 s.11} for app:com.android.todolist
08-05 09:54:28.976  9075  9075 D ActivityThread: add activity client record, r= ActivityRecord{b94caac token=android.os.BinderProxy@9b0fb85 {com.android.todolist/com.android.todolist.MainActivity}} token= android.os.BinderProxy@9b0fb85
08-05 09:54:28.994  1764 11290 I HidataAppQoeP: foregroundUidAdd uid: 10209 name: com.android.todolist activity state: true
08-05 09:55:10.384  9075  9075 V ActivityThread: Skipping new config:{1.0 257mcc4mnc [en_BY,ru_BY] ldltr sw360dp w360dp h616dp 480dpi nrml long port finger -keyb/v/h -nav/h winConfig={ mBounds=Rect(0, 0 - 0, 0) mAppBounds=Rect(0, 0 - 1080, 1920) mWindowingMode=fullscreen mActivityType=undefined} nonFullScreen=0 suim:1 s.11}, config:{1.0 257mcc4mnc [en_BY,ru_BY] ldltr sw360dp w360dp h616dp 480dpi nrml long port finger -keyb/v/h -nav/h winConfig={ mBounds=Rect(0, 0 - 0, 0) mAppBounds=Rect(0, 0 - 1080, 1920) mWindowingMode=fullscreen mActivityType=undefined} nonFullScreen=0 suim:1 s.11} for app:com.android.todolist
08-05 09:55:10.417  9075  9075 D ActivityThread: add activity client record, r= ActivityRecord{3da4f50 token=android.os.BinderProxy@b83b193 {com.android.todolist/com.android.todolist.ListActivity}} token= android.os.BinderProxy@b83b193
08-05 09:55:11.863  9075  9075 V ActivityThread: Skipping new config:{1.0 257mcc4mnc [en_BY,ru_BY] ldltr sw360dp w360dp h616dp 480dpi nrml long port finger -keyb/v/h -nav/h winConfig={ mBounds=Rect(0, 0 - 0, 0) mAppBounds=Rect(0, 0 - 1080, 1920) mWindowingMode=fullscreen mActivityType=undefined} nonFullScreen=0 suim:1 s.11}, config:{1.0 257mcc4mnc [en_BY,ru_BY] ldltr sw360dp w360dp h616dp 480dpi nrml long port finger -keyb/v/h -nav/h winConfig={ mBounds=Rect(0, 0 - 0, 0) mAppBounds=Rect(0, 0 - 1080, 1920) mWindowingMode=fullscreen mActivityType=undefined} nonFullScreen=0 suim:1 s.11} for app:com.android.todolist
08-05 09:55:11.883  9075  9075 D ActivityThread: add activity client record, r= ActivityRecord{13e44f5 token=android.os.BinderProxy@a42fa57 {com.android.todolist/com.android.todolist.MainActivity}} token= android.os.BinderProxy@a42fa57
08-05 09:55:12.162  9075  9075 D ActivityThread: Remove activity client record, r= ActivityRecord{3da4f50 token=android.os.BinderProxy@b83b193 {com.android.todolist/com.android.todolist.ListActivity}} token= android.os.BinderProxy@b83b193
08-05 09:55:12.606  9075  9075 V ActivityThread: Skipping new config:{1.0 257mcc4mnc [en_BY,ru_BY] ldltr sw360dp w360dp h616dp 480dpi nrml long port finger -keyb/v/h -nav/h winConfig={ mBounds=Rect(0, 0 - 0, 0) mAppBounds=Rect(0, 0 - 1080, 1920) mWindowingMode=fullscreen mActivityType=undefined} nonFullScreen=0 suim:1 s.11}, config:{1.0 257mcc4mnc [en_BY,ru_BY] ldltr sw360dp w360dp h616dp 480dpi nrml long port finger -keyb/v/h -nav/h winConfig={ mBounds=Rect(0, 0 - 0, 0) mAppBounds=Rect(0, 0 - 1080, 1920) mWindowingMode=fullscreen mActivityType=undefined} nonFullScreen=0 suim:1 s.11} for app:com.android.todolist
08-05 09:55:12.627  9075  9075 D ActivityThread: add activity client record, r= ActivityRecord{37be31a token=android.os.BinderProxy@791273e {com.android.todolist/com.android.todolist.ListActivity}} token= android.os.BinderProxy@791273e
08-05 09:55:13.591  9075  9075 V ActivityThread: Skipping new config:{1.0 257mcc4mnc [en_BY,ru_BY] ldltr sw360dp w360dp h616dp 480dpi nrml long port finger -keyb/v/h -nav/h winConfig={ mBounds=Rect(0, 0 - 0, 0) mAppBounds=Rect(0, 0 - 1080, 1920) mWindowingMode=fullscreen mActivityType=undefined} nonFullScreen=0 suim:1 s.11}, config:{1.0 257mcc4mnc [en_BY,ru_BY] ldltr sw360dp w360dp h616dp 480dpi nrml long port finger -keyb/v/h -nav/h winConfig={ mBounds=Rect(0, 0 - 0, 0) mAppBounds=Rect(0, 0 - 1080, 1920) mWindowingMode=fullscreen mActivityType=undefined} nonFullScreen=0 suim:1 s.11} for app:com.android.todolist
08-05 09:55:13.613  9075  9075 D ActivityThread: add activity client record, r= ActivityRecord{9ff3c97 token=android.os.BinderProxy@3fe20e9 {com.android.todolist/com.android.todolist.MainActivity}} token= android.os.BinderProxy@3fe20e9
08-05 09:55:13.890  9075  9075 D ActivityThread: Remove activity client record, r= ActivityRecord{37be31a token=android.os.BinderProxy@791273e {com.android.todolist/com.android.todolist.ListActivity}} token= android.os.BinderProxy@791273e
08-05 09:57:15.113  1764 11290 I HidataAppQoeP: foregroundUidRemove uid: 10209 name: com.android.todolist
08-05 09:57:15.549  9075  9075 V ActivityThread: Handle window ActivityRecord{9ff3c97 token=android.os.BinderProxy@3fe20e9 {com.android.todolist/com.android.todolist.MainActivity}} visibility: false
08-05 09:58:18.492  1764 11290 I HidataAppQoeP: foregroundUidAdd uid: 10209 name: com.android.todolist activity state: true
08-05 09:58:22.610  1764 11290 I HidataAppQoeP: foregroundUidRemove uid: 10209 name: com.android.todolist
08-05 09:58:28.561  1764 11290 I HidataAppQoeP: foregroundUidAdd uid: 10209 name: com.android.todolist activity state: true
08-05 09:58:28.569  1764 11290 I HidataAppQoeP: foregroundUidRemove uid: 10209 name: com.android.todolist
08-05 09:58:28.569  1764 11290 I HidataAppQoeP: foregroundUidAdd uid: 10209 name: com.android.todolist activity state: true
08-05 10:00:28.823  1764 11290 I HidataAppQoeP: foregroundUidRemove uid: 10209 name: com.android.todolist
08-05 10:00:29.289  9075  9075 V ActivityThread: Handle window ActivityRecord{9ff3c97 token=android.os.BinderProxy@3fe20e9 {com.android.todolist/com.android.todolist.MainActivity}} visibility: false
08-05 10:06:15.570  1764 11290 I HidataAppQoeP: foregroundUidAdd uid: 10209 name: com.android.todolist activity state: true
08-05 10:06:15.717   725   799 D iTouchService: itouch currentPackageName=com.android.todolist
08-05 10:06:15.717   725   799 D iTouchService: itouch:app com.android.todolist is  not game app
08-05 10:06:15.725  1616  1616 I GoogleInputMethodService: GoogleInputMethodService.onStartInput():1919 onStartInput(EditorInfo{inputType=0x0(NULL) imeOptions=0x0 privateImeOptions=null actionName=UNSPECIFIED actionLabel=null actionId=0 initialSelStart=-1 initialSelEnd=-1 initialCapsMode=0x0 hintText=null label=null packageName=com.android.todolist fieldId=-1 fieldName=null extras=null}, false)
08-05 10:06:15.904  1325  1347 I StatusBarDisable: setFlags what=0 which=1 pkg=Window{3a8740 u0 com.android.todolist/com.android.todolist.MainActivity}
08-05 10:06:15.910  1325  1347 I StatusBarDisable: setFlags what=0 which=1 pkg=Window{3a8740 u0 com.android.todolist/com.android.todolist.MainActivity}
08-05 10:06:15.925  1325  1347 I StatusBarDisable: setFlags what=0 which=1 pkg=Window{3a8740 u0 com.android.todolist/com.android.todolist.MainActivity}
08-05 10:06:16.055  1325  1347 I StatusBarDisable: setFlags what=0 which=1 pkg=Window{3a8740 u0 com.android.todolist/com.android.todolist.MainActivity}
08-05 10:06:16.059  1325  1347 I StatusBarDisable: setFlags what=0 which=1 pkg=Window{3a8740 u0 com.android.todolist/com.android.todolist.MainActivity}
08-05 10:06:16.143  1325  1347 I StatusBarDisable: setFlags what=0 which=1 pkg=Window{3a8740 u0 com.android.todolist/com.android.todolist.MainActivity}
08-05 10:06:16.150  1325  1347 I StatusBarDisable: setFlags what=0 which=1 pkg=Window{3a8740 u0 com.android.todolist/com.android.todolist.MainActivity}
08-05 10:06:16.159  1325  1459 V WindowManager: Removing Window{6e38b23 u0 SnapshotStartingWindow for taskId=603} from AppWindowToken{283d041 token=Token{79d7b28 ActivityRecord{d8ef54b u0 com.android.todolist/.MainActivity t603}}}
08-05 10:06:16.161  1325  1347 I StatusBarDisable: setFlags what=0 which=1 pkg=Window{3a8740 u0 com.android.todolist/com.android.todolist.MainActivity}
08-05 10:06:16.177  1325  1347 I StatusBarDisable: setFlags what=0 which=1 pkg=Window{3a8740 u0 com.android.todolist/com.android.todolist.MainActivity}
08-05 10:06:17.462  1325  1347 I StatusBarDisable: setFlags what=0 which=1 pkg=Window{f770da5 u0 com.android.todolist/com.android.todolist.MainActivity}
08-05 10:06:17.464  1325  2474 V WindowManager: addWindow: Window{f770da5 u0 com.android.todolist/com.android.todolist.MainActivity}
08-05 10:06:17.481  9075  9792 D HiTouch_PressGestureDetector: onAttached, package=com.android.todolist, windowType=2, mHiTouchRestricted=true
08-05 10:06:17.514  1325  2474 V WindowManager_visibility: updateAllDrawn Add AppWindowToken{283d041 token=Token{79d7b28 ActivityRecord{d8ef54b u0 com.android.todolist/.MainActivity t603}}}
08-05 10:06:17.514  1325  1347 I StatusBarDisable: setFlags what=0 which=1 pkg=Window{f770da5 u0 com.android.todolist/com.android.todolist.MainActivity}
08-05 10:06:17.516  1325  2474 V WindowManager_visibility: updateAllDrawn allDrawn=false interesting=1 drawn=1 relaunchCount=0 for AppWindowToken{283d041 token=Token{79d7b28 ActivityRecord{d8ef54b u0 com.android.todolist/.MainActivity t603}}}
08-05 10:06:17.525  1325  1347 I StatusBarDisable: setFlags what=0 which=1 pkg=Window{f770da5 u0 com.android.todolist/com.android.todolist.MainActivity}
08-05 10:06:17.538   639   639 D SurfaceFlinger: duplicate layer name: changing com.android.todolist/com.android.todolist.MainActivity to com.android.todolist/com.android.todolist.MainActivity#1
08-05 10:06:17.615  1325  1459 V WindowManager_visibility: updateAllDrawn Add AppWindowToken{283d041 token=Token{79d7b28 ActivityRecord{d8ef54b u0 com.android.todolist/.MainActivity t603}}}
08-05 10:06:17.615  1325  1347 I StatusBarDisable: setFlags what=0 which=1 pkg=Window{f770da5 u0 com.android.todolist/com.android.todolist.MainActivity}
08-05 10:06:17.618  1325  1459 V WindowManager_visibility: updateAllDrawn allDrawn=false interesting=2 drawn=2 relaunchCount=0 for AppWindowToken{283d041 token=Token{79d7b28 ActivityRecord{d8ef54b u0 com.android.todolist/.MainActivity t603}}}
08-05 10:06:17.633  1325  1347 I StatusBarDisable: setFlags what=0 which=1 pkg=Window{f770da5 u0 com.android.todolist/com.android.todolist.MainActivity}
08-05 10:06:17.669  1616  1616 I GoogleInputMethodService: GoogleInputMethodService.onStartInput():1919 onStartInput(EditorInfo{inputType=0x0(NULL) imeOptions=0x0 privateImeOptions=null actionName=UNSPECIFIED actionLabel=null actionId=0 initialSelStart=-1 initialSelEnd=-1 initialCapsMode=0x0 hintText=null label=null packageName=com.android.todolist fieldId=-1 fieldName=null extras=null}, false)
08-05 10:06:17.683  1325  1347 I StatusBarDisable: setFlags what=0 which=1 pkg=Window{f770da5 u0 com.android.todolist/com.android.todolist.MainActivity}
08-05 10:06:17.776  1325  1347 I StatusBarDisable: setFlags what=0 which=1 pkg=Window{f770da5 u0 com.android.todolist/com.android.todolist.MainActivity}
08-05 10:06:17.836  1325  1347 I StatusBarDisable: setFlags what=0 which=1 pkg=Window{f770da5 u0 com.android.todolist/com.android.todolist.MainActivity}
08-05 10:06:18.057  1325  1347 I StatusBarDisable: setFlags what=0 which=1 pkg=Window{f770da5 u0 com.android.todolist/com.android.todolist.MainActivity}
08-05 10:06:18.076  1325  1347 I StatusBarDisable: setFlags what=0 which=1 pkg=Window{f770da5 u0 com.android.todolist/com.android.todolist.MainActivity}
08-05 10:06:19.186  9075  9075 I InputMethodManager: mServedView =com.android.todolist;view =com.android.todolist;flags =0
08-05 10:06:19.192  1616  1616 I GoogleInputMethodService: GoogleInputMethodService.onStartInput():1919 onStartInput(EditorInfo{inputType=0x61(PersonName) imeOptions=0x6 privateImeOptions=null actionName=DONE actionLabel=null actionId=0 initialSelStart=0 initialSelEnd=0 initialCapsMode=0x0 hintText=non-empty label=null packageName=com.android.todolist fieldId=2131230821 fieldName=null extras=null}, false)
08-05 10:06:19.200  1616  1616 I GoogleInputMethodService: GoogleInputMethodService.onStartInputView():2023 onStartInputView(EditorInfo{inputType=0x61(PersonName) imeOptions=0x6 privateImeOptions=null actionName=DONE actionLabel=null actionId=0 initialSelStart=0 initialSelEnd=0 initialCapsMode=0x0 hintText=non-empty label=null packageName=com.android.todolist fieldId=2131230821 fieldName=null extras=Bundle[{chang_input_mode_for_baidu=0}]}, false)
08-05 10:06:19.266  9139  9139 I HwKeychain: HwAutofillService:onFillRequest: package name: com.android.todolist
08-05 10:06:19.271  1616  1616 I AndroidIME: AbstractIme.onActivate():91 LatinIme.onActivate() : EditorInfo = inputType=0x61(PersonName) imeOptions=0x6 privateImeOptions=null actionName=DONE actionLabel=null actionId=0 initialSelStart=0 initialSelEnd=0 initialCapsMode=0x0 hintText=non-empty label=null packageName=com.android.todolist fieldId=2131230821 fieldName=null extras=Bundle[{chang_input_mode_for_baidu=0}], IncognitoMode = false, DeviceLocked = false
08-05 10:06:19.339  1325  1347 I StatusBarDisable: setFlags what=0 which=1 pkg=Window{f770da5 u0 com.android.todolist/com.android.todolist.MainActivity}
08-05 10:06:19.391  1325  1347 I StatusBarDisable: setFlags what=0 which=1 pkg=Window{f770da5 u0 com.android.todolist/com.android.todolist.MainActivity}
08-05 10:06:19.538  1325  1347 I StatusBarDisable: setFlags what=0 which=1 pkg=Window{f770da5 u0 com.android.todolist/com.android.todolist.MainActivity}
08-05 10:06:19.539  1325  1347 I StatusBarDisable: setFlags what=0 which=1 pkg=Window{f770da5 u0 com.android.todolist/com.android.todolist.MainActivity}
08-05 10:06:19.574  1325  1347 I StatusBarDisable: setFlags what=0 which=1 pkg=Window{f770da5 u0 com.android.todolist/com.android.todolist.MainActivity}
08-05 10:06:19.585  1325  1347 I StatusBarDisable: setFlags what=0 which=1 pkg=Window{f770da5 u0 com.android.todolist/com.android.todolist.MainActivity}
08-05 10:06:19.623  1325  1347 I StatusBarDisable: setFlags what=0 which=1 pkg=Window{f770da5 u0 com.android.todolist/com.android.todolist.MainActivity}
08-05 10:06:19.639  1325  1347 I StatusBarDisable: setFlags what=0 which=1 pkg=Window{f770da5 u0 com.android.todolist/com.android.todolist.MainActivity}
08-05 10:06:20.123  1325  1347 I StatusBarDisable: setFlags what=0 which=1 pkg=Window{f770da5 u0 com.android.todolist/com.android.todolist.MainActivity}
08-05 10:06:20.124  1325  1347 I StatusBarDisable: setFlags what=0 which=1 pkg=Window{f770da5 u0 com.android.todolist/com.android.todolist.MainActivity}
08-05 10:06:20.321  1325  1347 I StatusBarDisable: setFlags what=0 which=1 pkg=Window{f770da5 u0 com.android.todolist/com.android.todolist.MainActivity}
08-05 10:06:20.322  1325  1347 I StatusBarDisable: setFlags what=0 which=1 pkg=Window{f770da5 u0 com.android.todolist/com.android.todolist.MainActivity}
08-05 10:06:20.482  1325  1347 I StatusBarDisable: setFlags what=0 which=1 pkg=Window{f770da5 u0 com.android.todolist/com.android.todolist.MainActivity}
08-05 10:06:20.491  1325  1347 I StatusBarDisable: setFlags what=0 which=1 pkg=Window{f770da5 u0 com.android.todolist/com.android.todolist.MainActivity}
08-05 10:06:20.973  1325  2478 V WindowManager: removeIfPossible: Window{f770da5 u0 com.android.todolist/com.android.todolist.MainActivity}
08-05 10:06:20.977  1325  2478 V WindowManager: Not removing Window{f770da5 u0 com.android.todolist/com.android.todolist.MainActivity EXITING} due to exit animation 
08-05 10:06:20.981  1325  1347 I StatusBarDisable: setFlags what=0 which=1 pkg=Window{3a8740 u0 com.android.todolist/com.android.todolist.MainActivity}
08-05 10:06:20.981  1325  1347 I StatusBarDisable: setFlags what=0 which=1 pkg=Window{3a8740 u0 com.android.todolist/com.android.todolist.MainActivity}
08-05 10:06:20.988  1325  1347 I StatusBarDisable: setFlags what=0 which=1 pkg=Window{3a8740 u0 com.android.todolist/com.android.todolist.MainActivity}
08-05 10:06:21.027  1616  1616 I GoogleInputMethodService: GoogleInputMethodService.onStartInput():1919 onStartInput(EditorInfo{inputType=0x0(NULL) imeOptions=0x0 privateImeOptions=null actionName=UNSPECIFIED actionLabel=null actionId=0 initialSelStart=-1 initialSelEnd=-1 initialCapsMode=0x0 hintText=null label=null packageName=com.android.todolist fieldId=-1 fieldName=null extras=null}, false)
08-05 10:06:21.057  1325  1347 I StatusBarDisable: setFlags what=0 which=1 pkg=Window{3a8740 u0 com.android.todolist/com.android.todolist.MainActivity}
08-05 10:06:21.079  1325  1347 I StatusBarDisable: setFlags what=0 which=1 pkg=Window{3a8740 u0 com.android.todolist/com.android.todolist.MainActivity}
08-05 10:06:21.140  1325  1459 V WindowManager: Exit animation finished in Window{f770da5 u0 com.android.todolist/com.android.todolist.MainActivity EXITING}: remove=true
08-05 10:06:21.140  1325  1459 E WindowManager: win=Window{f770da5 u0 com.android.todolist/com.android.todolist.MainActivity EXITING} destroySurfaces: appStopped=false win.mWindowRemovalAllowed=true win.mRemoveOnExit=true
08-05 10:06:21.143  1325  1459 V WindowManager: postWindowRemoveCleanupLocked: Window{f770da5 u0 com.android.todolist/com.android.todolist.MainActivity}
08-05 10:06:21.143  1325  1459 V WindowManager: Removing Window{f770da5 u0 com.android.todolist/com.android.todolist.MainActivity} from AppWindowToken{283d041 token=Token{79d7b28 ActivityRecord{d8ef54b u0 com.android.todolist/.MainActivity t603}}}
08-05 10:06:21.148  1325  1347 I StatusBarDisable: setFlags what=0 which=1 pkg=Window{3a8740 u0 com.android.todolist/com.android.todolist.MainActivity}
08-05 10:06:21.180  1325  1347 I StatusBarDisable: setFlags what=0 which=1 pkg=Window{3a8740 u0 com.android.todolist/com.android.todolist.MainActivity}
08-05 10:06:21.193  1325  1347 I StatusBarDisable: setFlags what=0 which=1 pkg=Window{3a8740 u0 com.android.todolist/com.android.todolist.MainActivity}
08-05 10:08:20.995  1616  1616 I GoogleInputMethodService: GoogleInputMethodService.onStartInput():1919 onStartInput(EditorInfo{inputType=0x0(NULL) imeOptions=0x0 privateImeOptions=null actionName=UNSPECIFIED actionLabel=null actionId=0 initialSelStart=-1 initialSelEnd=-1 initialCapsMode=0x0 hintText=null label=null packageName=com.android.todolist fieldId=-1 fieldName=null extras=null}, false)
08-05 10:08:21.264  1764 11290 I HidataAppQoeP: foregroundUidRemove uid: 10209 name: com.android.todolist
08-05 10:08:21.270  1325  1347 I StatusBarDisable: setFlags what=0 which=1 pkg=Window{3a8740 u0 com.android.todolist/com.android.todolist.MainActivity}
08-05 10:08:21.270  1325  1347 I StatusBarDisable: setFlags what=0 which=1 pkg=Window{3a8740 u0 com.android.todolist/com.android.todolist.MainActivity}
08-05 10:08:21.274  1325  1347 I StatusBarDisable: setFlags what=0 which=1 pkg=Window{3a8740 u0 com.android.todolist/com.android.todolist.MainActivity}
08-05 10:08:21.283  1325 12799 V ActivityManager: Activity slept: token=Token{79d7b28 ActivityRecord{d8ef54b u0 com.android.todolist/.MainActivity t603}} callingPid=0
08-05 10:08:21.287  1325 12799 V WindowManager: notifyAppStopped: AppWindowToken{283d041 token=Token{79d7b28 ActivityRecord{d8ef54b u0 com.android.todolist/.MainActivity t603}}}
08-05 10:08:21.288  1325  2238 V ActivityManager: Activity slept: token=Token{92eaf67 ActivityRecord{a556726 u0 com.android.todolist/.MainActivity t603}} callingPid=0
08-05 10:08:21.289  1325  2238 V ActivityManager: Activity slept: token=Token{955ba8a ActivityRecord{740ecf5 u0 com.android.todolist/.MainActivity t603}} callingPid=0
08-05 10:08:21.643  1325  1347 I StatusBarDisable: setFlags what=0 which=1 pkg=Window{3a8740 u0 com.android.todolist/com.android.todolist.MainActivity}
08-05 10:08:21.658  9075  9075 V ActivityThread: Handle window ActivityRecord{9ff3c97 token=android.os.BinderProxy@3fe20e9 {com.android.todolist/com.android.todolist.MainActivity}} visibility: false
08-05 10:08:21.670  1325  5513 V WindowManager: notifyAppStopped: AppWindowToken{283d041 token=Token{79d7b28 ActivityRecord{d8ef54b u0 com.android.todolist/.MainActivity t603}}}
08-05 10:08:21.692  1325  2478 E WindowManager: win=Window{3a8740 u0 com.android.todolist/com.andr